../Core/Src/main.c:85:5:main	16	static
../Core/Src/main.c:159:6:SystemClock_Config	64	static
../Core/Src/main.c:196:13:MX_TIM1_Init	40	static
../Core/Src/main.c:258:13:MX_TIM3_Init	40	static
../Core/Src/main.c:318:13:MX_TIM16_Init	88	static
../Core/Src/main.c:381:13:MX_TIM17_Init	88	static
../Core/Src/main.c:444:13:MX_USART1_UART_Init	8	static
../Core/Src/main.c:492:13:MX_USART2_UART_Init	8	static
../Core/Src/main.c:528:13:MX_GPIO_Init	24	static
../Core/Src/main.c:543:6:abc	16	static
../Core/Src/main.c:568:6:HAL_TIM_IC_CaptureCallback	16	static
../Core/Src/main.c:607:6:HAL_UART_RxCpltCallback	32	static
../Core/Src/main.c:650:6:Error_Handler	8	static,ignoring_inline_asm
