../Core/Src/stm32c0xx_hal_msp.c:66:6:HAL_MspInit	8	static
../Core/Src/stm32c0xx_hal_msp.c:88:6:HAL_TIM_IC_MspInit	64	static
../Core/Src/stm32c0xx_hal_msp.c:183:6:HAL_TIM_Base_MspInit	8	static
../Core/Src/stm32c0xx_hal_msp.c:210:6:HAL_TIM_MspPostInit	40	static
../Core/Src/stm32c0xx_hal_msp.c:262:6:HAL_TIM_IC_MspDeInit	8	static
../Core/Src/stm32c0xx_hal_msp.c:322:6:HAL_TIM_Base_MspDeInit	0	static
../Core/Src/stm32c0xx_hal_msp.c:355:6:HAL_UART_MspInit	72	static
../Core/Src/stm32c0xx_hal_msp.c:432:6:HAL_UART_MspDeInit	8	static
